[dotenv@17.2.3] injecting env (4) from .env -- tip: ΓÜÖ∩╕Å  write to custom object with { processEnv: myObject }
Connected to DB

1. Creating User: test_block_staff_1768641365395
User created. ID: new ObjectId('696b5355b51fb5a1f4fda3b4')
Initial Active Status: true

2. Blocking User (Simulating Controller Logic)...
node : TEST ERROR: TypeError: next is 
not a function
At line:1 char:1
+ node verify_block_setup.js > 
error_log.txt 2>&1
+ ~~~~~~~~~~~~~~~~~~~~~~~~~~~~~~~~~~~~~~~
~~~~~~~~
    + CategoryInfo          : 
NotSpecified:     (TEST ERROR: Typ... 
not a function:Str    ing) [], 
RemoteException
    + FullyQualifiedErrorId : 
NativeCommand    Error
 
    at model.<anonymous> 
(C:\Users\login\Desktop\Insurance remaind
er\server\src\models\User.js:49:16)
    at Kareem.execPre 
(C:\Users\login\Desktop\Insurance remaind
er\server\node_modules\kareem\index.js:63
:39)
    at process.processTicksAndRejections 
(node:internal/process/task_queues:105:5)
    at async model.$__save 
(C:\Users\login\Desktop\Insurance remaind
er\server\node_modules\mongoose\lib\model
.js:369:5)
    at async model.save 
(C:\Users\login\Desktop\Insurance remaind
er\server\node_modules\mongoose\lib\model
.js:609:5)
    at async verifyFlow 
(C:\Users\login\Desktop\Insurance remaind
er\server\verify_block_setup.js:30:9)
